Warning|10.05.2025 11:55:35|2
